
Clover EFI installer log - Tue Jun 16 04:40:43 -03 2020
Installer version: r5119 (commit: 0f5da727e) EFI bootloader
======================================================
/dev/disk0 (internal, physical):
   #:                       TYPE NAME                    SIZE       IDENTIFIER
   0:      GUID_partition_scheme                        *240.1 GB   disk0
   1:                        EFI NO NAME                 536.9 MB   disk0s1
   2:                 Apple_APFS Container disk1         238.4 GB   disk0s2
   3:                  Apple_HFS EFI                     941.6 MB   disk0s3

/dev/disk1 (synthesized):
   #:                       TYPE NAME                    SIZE       IDENTIFIER
   0:      APFS Container Scheme -                      +238.4 GB   disk1
                                 Physical Store disk0s2
   1:                APFS Volume OSX - Data              173.1 GB   disk1s1
   2:                APFS Volume Preboot                 151.3 MB   disk1s2
   3:                APFS Volume Recovery                528.5 MB   disk1s3
   4:                APFS Volume VM                      1.1 GB     disk1s4
   5:                APFS Volume OSX                     11.3 GB    disk1s5

======================================================
Backing up EFI files

Backing up stage2 file /Volumes/EFI/EFIROOTDIR/boot  to /Volumes/EFI/EFI-Backups/r5112/2020-06-16-04h40/boot
Backing up /Volumes/EFI/EFIROOTDIR/EFI folder to /Volumes/EFI/EFI-Backups/r5112/2020-06-16-04h40/EFI
======================================================
Installing BootSectors/BootLoader

Stage 0 - Don't write any of boot0af, boot0md, boot0ss to /Volumes/EFI
Stage 1 - Don't write any of boot1h2, boot1f32alt, boot1xalt to /Volumes/EFI

======================================================
=========== Clover EFI Installation Finish ===========
======================================================
